#
# There is insufficient memory for the Java Runtime Environment to continue.
# Native memory allocation (malloc) failed to allocate 2322688 bytes. Error detail: Chunk::new
# Possible reasons:
#   The system is out of physical RAM or swap space
#   This process is running with CompressedOops enabled, and the Java Heap may be blocking the growth of the native heap
# Possible solutions:
#   Reduce memory load on the system
#   Increase physical memory or swap space
#   Check if swap backing store is full
#   Decrease Java heap size (-Xmx/-Xms)
#   Decrease number of Java threads
#   Decrease Java thread stack sizes (-Xss)
#   Set larger code cache with -XX:ReservedCodeCacheSize=
#   JVM is running with Unscaled Compressed Oops mode in which the Java heap is
#     placed in the first 4GB address space. The Java Heap base address is the
#     maximum limit for the native heap growth. Please use -XX:HeapBaseMinAddress
#     to set the Java Heap base and to place the Java Heap above 4GB virtual address.
# This output file may be truncated or incomplete.
#
#  Out of Memory Error (arena.cpp:168), pid=14832, tid=10052
#
# JRE version: OpenJDK Runtime Environment Temurin-21.0.8+9 (21.0.8+9) (build 21.0.8+9-LTS)
# Java VM: OpenJDK 64-Bit Server VM Temurin-21.0.8+9 (21.0.8+9-LTS, mixed mode, sharing, tiered, compressed oops, compressed class ptrs, parallel gc, windows-amd64)
# No core dump will be written. Minidumps are not enabled by default on client versions of Windows
#

---------------  S U M M A R Y ------------

Command Line: --add-modules=ALL-SYSTEM --add-opens=java.base/java.util=ALL-UNNAMED --add-opens=java.base/java.lang=ALL-UNNAMED --add-opens=java.base/sun.nio.fs=ALL-UNNAMED -Declipse.application=org.eclipse.jdt.ls.core.id1 -Dosgi.bundles.defaultStartLevel=4 -Declipse.product=org.eclipse.jdt.ls.core.product -Djava.import.generatesMetadataFilesAtProjectRoot=false -DDetectVMInstallationsJob.disabled=true -Dfile.encoding=utf8 -XX:+UseParallelGC -XX:GCTimeRatio=4 -XX:AdaptiveSizePolicyWeight=90 -Dsun.zip.disableMemoryMapping=true -Xmx2G -Xms100m -Xlog:disable -javaagent:c:\Users\Mateo\.vscode\extensions\redhat.java-1.45.0-win32-x64\lombok\lombok-1.18.39-4050.jar -XX:+HeapDumpOnOutOfMemoryError -XX:HeapDumpPath=c:\Users\Mateo\AppData\Roaming\Code\User\workspaceStorage\8ebf7cf19b00dd7299100e7d3fb3e125\redhat.java -Daether.dependencyCollector.impl=bf c:\Users\Mateo\.vscode\extensions\redhat.java-1.45.0-win32-x64\server\plugins\org.eclipse.equinox.launcher_1.7.0.v20250519-0528.jar -configuration c:\Users\Mateo\AppData\Roaming\Code\User\globalStorage\redhat.java\1.45.0\config_win -data c:\Users\Mateo\AppData\Roaming\Code\User\workspaceStorage\8ebf7cf19b00dd7299100e7d3fb3e125\redhat.java\jdt_ws --pipe=\\.\pipe\lsp-86bbe5d35868bbb76cd7d9b19ca28129-sock

Host: Intel(R) Core(TM) i3-1005G1 CPU @ 1.20GHz, 4 cores, 7G,  Windows 10 , 64 bit Build 19041 (10.0.19041.5915)
Time: Sat Sep 27 21:30:02 2025 Hora est. Pacífico, Sudamérica elapsed time: 10.425624 seconds (0d 0h 0m 10s)

---------------  T H R E A D  ---------------

Current thread (0x000002451a3192a0):  JavaThread "C2 CompilerThread0" daemon [_thread_in_native, id=10052, stack(0x000000a028700000,0x000000a028800000) (1024K)]


Current CompileTask:
C2:10425 4384       4       org.lombokweb.asm.ClassReader::readMethod (1070 bytes)

Stack: [0x000000a028700000,0x000000a028800000]
Native frames: (J=compiled Java code, j=interpreted, Vv=VM code, C=native code)
V  [jvm.dll+0x6d2449]
V  [jvm.dll+0x8ae341]
V  [jvm.dll+0x8b08be]
V  [jvm.dll+0x8b0fa3]
V  [jvm.dll+0x280c96]
V  [jvm.dll+0xc581d]
V  [jvm.dll+0xc5d53]
V  [jvm.dll+0x3b919c]
V  [jvm.dll+0x1e1409]
V  [jvm.dll+0x249022]
V  [jvm.dll+0x2484af]
V  [jvm.dll+0x1c89ee]
V  [jvm.dll+0x257d4d]
V  [jvm.dll+0x2562ea]
V  [jvm.dll+0x3f2d16]
V  [jvm.dll+0x857e6b]
V  [jvm.dll+0x6d0b0d]
C  [ucrtbase.dll+0x21bb2]
C  [KERNEL32.DLL+0x17374]
C  [ntdll.dll+0x4cc91]


---------------  P R O C E S S  ---------------

Threads class SMR info:
_java_thread_list=0x00000245624dcae0, length=26, elements={
0x00000245039328a0, 0x000002451a30f870, 0x000002451a311170, 0x000002451a312a70,
0x000002451a313c00, 0x000002451a3159c0, 0x000002451a318520, 0x000002451a3192a0,
0x000002451a38bd80, 0x000002451a3de870, 0x000002456025f350, 0x0000024560a0ea90,
0x0000024560dee270, 0x0000024560ded6c0, 0x0000024560992c30, 0x0000024560b32d30,
0x00000245611ccda0, 0x00000245610ff700, 0x0000024561100ab0, 0x0000024561101140,
0x00000245610fdcc0, 0x00000245610ffd90, 0x0000024561100420, 0x0000024560b95fd0,
0x00000245615c09b0, 0x00000245615bef70
}

Java Threads: ( => current thread )
  0x00000245039328a0 JavaThread "main"                              [_thread_blocked, id=10368, stack(0x000000a027d00000,0x000000a027e00000) (1024K)]
  0x000002451a30f870 JavaThread "Reference Handler"          daemon [_thread_blocked, id=13916, stack(0x000000a028100000,0x000000a028200000) (1024K)]
  0x000002451a311170 JavaThread "Finalizer"                  daemon [_thread_blocked, id=13944, stack(0x000000a028200000,0x000000a028300000) (1024K)]
  0x000002451a312a70 JavaThread "Signal Dispatcher"          daemon [_thread_blocked, id=15324, stack(0x000000a028300000,0x000000a028400000) (1024K)]
  0x000002451a313c00 JavaThread "Attach Listener"            daemon [_thread_blocked, id=13624, stack(0x000000a028400000,0x000000a028500000) (1024K)]
  0x000002451a3159c0 JavaThread "Service Thread"             daemon [_thread_blocked, id=16060, stack(0x000000a028500000,0x000000a028600000) (1024K)]
  0x000002451a318520 JavaThread "Monitor Deflation Thread"   daemon [_thread_blocked, id=12052, stack(0x000000a028600000,0x000000a028700000) (1024K)]
=>0x000002451a3192a0 JavaThread "C2 CompilerThread0"         daemon [_thread_in_native, id=10052, stack(0x000000a028700000,0x000000a028800000) (1024K)]
  0x000002451a38bd80 JavaThread "C1 CompilerThread0"         daemon [_thread_blocked, id=10336, stack(0x000000a028800000,0x000000a028900000) (1024K)]
  0x000002451a3de870 JavaThread "Common-Cleaner"             daemon [_thread_blocked, id=15316, stack(0x000000a028900000,0x000000a028a00000) (1024K)]
  0x000002456025f350 JavaThread "Notification Thread"        daemon [_thread_blocked, id=9004, stack(0x000000a028a00000,0x000000a028b00000) (1024K)]
  0x0000024560a0ea90 JavaThread "Active Thread: Equinox Container: 76316e97-8cc2-494e-8664-d0f4a70f984e"        [_thread_blocked, id=8216, stack(0x000000a028b00000,0x000000a028c00000) (1024K)]
  0x0000024560dee270 JavaThread "Refresh Thread: Equinox Container: 76316e97-8cc2-494e-8664-d0f4a70f984e" daemon [_thread_blocked, id=4412, stack(0x000000a029000000,0x000000a029100000) (1024K)]
  0x0000024560ded6c0 JavaThread "Framework Event Dispatcher: Equinox Container: 76316e97-8cc2-494e-8664-d0f4a70f984e" daemon [_thread_blocked, id=7188, stack(0x000000a028f00000,0x000000a029000000) (1024K)]
  0x0000024560992c30 JavaThread "Start Level: Equinox Container: 76316e97-8cc2-494e-8664-d0f4a70f984e" daemon [_thread_in_vm, id=4492, stack(0x000000a029100000,0x000000a029200000) (1024K)]
  0x0000024560b32d30 JavaThread "Bundle File Closer"         daemon [_thread_blocked, id=14980, stack(0x000000a029300000,0x000000a029400000) (1024K)]
  0x00000245611ccda0 JavaThread "SCR Component Actor"        daemon [_thread_blocked, id=15940, stack(0x000000a029400000,0x000000a029500000) (1024K)]
  0x00000245610ff700 JavaThread "SCR Component Registry"     daemon [_thread_blocked, id=15684, stack(0x000000a029200000,0x000000a029300000) (1024K)]
  0x0000024561100ab0 JavaThread "Worker-JM"                         [_thread_blocked, id=12660, stack(0x000000a029500000,0x000000a029600000) (1024K)]
  0x0000024561101140 JavaThread "JNA Cleaner"                daemon [_thread_blocked, id=1040, stack(0x000000a029600000,0x000000a029700000) (1024K)]
  0x00000245610fdcc0 JavaThread "Worker-0"                          [_thread_blocked, id=14724, stack(0x000000a029700000,0x000000a029800000) (1024K)]
  0x00000245610ffd90 JavaThread "Worker-1"                          [_thread_blocked, id=2848, stack(0x000000a029800000,0x000000a029900000) (1024K)]
  0x0000024561100420 JavaThread "Worker-2"                          [_thread_blocked, id=8420, stack(0x000000a029900000,0x000000a029a00000) (1024K)]
  0x0000024560b95fd0 JavaThread "C2 CompilerThread1"         daemon [_thread_in_native, id=15652, stack(0x000000a029a00000,0x000000a029b00000) (1024K)]
  0x00000245615c09b0 JavaThread "Java indexing"              daemon [_thread_blocked, id=10024, stack(0x000000a029b00000,0x000000a029c00000) (1024K)]
  0x00000245615bef70 JavaThread "Worker-3"                          [_thread_blocked, id=14588, stack(0x000000a029c00000,0x000000a029d00000) (1024K)]
Total: 26

Other Threads:
  0x00000245039f3150 VMThread "VM Thread"                           [id=15420, stack(0x000000a028000000,0x000000a028100000) (1024K)]
  0x000002450399e250 WatcherThread "VM Periodic Task Thread"        [id=15556, stack(0x000000a027f00000,0x000000a028000000) (1024K)]
  0x0000024503950e90 WorkerThread "GC Thread#0"                     [id=15272, stack(0x000000a027e00000,0x000000a027f00000) (1024K)]
  0x00000245608b6740 WorkerThread "GC Thread#1"                     [id=2796, stack(0x000000a028c00000,0x000000a028d00000) (1024K)]
  0x000002456065f3c0 WorkerThread "GC Thread#2"                     [id=13348, stack(0x000000a028d00000,0x000000a028e00000) (1024K)]
  0x000002456065f760 WorkerThread "GC Thread#3"                     [id=8312, stack(0x000000a028e00000,0x000000a028f00000) (1024K)]
Total: 6

Threads with active compile tasks:
C2 CompilerThread0  10461 4384       4       org.lombokweb.asm.ClassReader::readMethod (1070 bytes)
C2 CompilerThread1  10461 4644       4       org.eclipse.osgi.internal.loader.ModuleClassLoader::toString (80 bytes)
Total: 2

VM state: not at safepoint (normal execution)

VM Mutex/Monitor currently owned by a thread: None

OutOfMemory and StackOverflow Exception counts:
OutOfMemoryError java_heap_errors=1
LinkageErrors=85

Heap address: 0x0000000080000000, size: 2048 MB, Compressed Oops mode: 32-bit

CDS archive(s) mapped at: [0x000002451b000000-0x000002451bba0000-0x000002451bba0000), size 12189696, SharedBaseAddress: 0x000002451b000000, ArchiveRelocationMode: 1.
Compressed class space mapped at: 0x000002451c000000-0x000002455c000000, reserved size: 1073741824
Narrow klass base: 0x000002451b000000, Narrow klass shift: 0, Narrow klass range: 0x100000000

GC Precious Log:
 CardTable entry size: 512
 CPUs: 4 total, 4 available
 Memory: 7881M
 Large Page Support: Disabled
 NUMA Support: Disabled
 Compressed Oops: Enabled (32-bit)
 Alignments: Space 512K, Generation 512K, Heap 2M
 Heap Min Capacity: 100M
 Heap Initial Capacity: 100M
 Heap Max Capacity: 2G
 Pre-touch: Disabled
 Parallel Workers: 4

Heap:
 PSYoungGen      total 24064K, used 21875K [0x00000000d5580000, 0x00000000d7380000, 0x0000000100000000)
  eden space 23040K, 90% used [0x00000000d5580000,0x00000000d69f8c20,0x00000000d6c00000)
  from space 1024K, 89% used [0x00000000d7280000,0x00000000d7364110,0x00000000d7380000)
  to   space 2048K, 0% used [0x00000000d6f80000,0x00000000d6f80000,0x00000000d7180000)
 ParOldGen       total 68608K, used 15386K [0x0000000080000000, 0x0000000084300000, 0x00000000d5580000)
  object space 68608K, 22% used [0x0000000080000000,0x0000000080f06a00,0x0000000084300000)
 Metaspace       used 30572K, committed 31616K, reserved 1114112K
  class space    used 3033K, committed 3520K, reserved 1048576K

Card table byte_map: [0x0000024503300000,0x0000024503710000] _byte_map_base: 0x0000024502f00000

Marking Bits: (ParMarkBitMap*) 0x00007ffb4a75a340
 Begin Bits: [0x0000024515de0000, 0x0000024517de0000)
 End Bits:   [0x0000024517de0000, 0x0000024519de0000)

Polling page: 0x0000024501940000

Metaspace:

Usage:
  Non-class:     26.89 MB used.
      Class:      2.96 MB used.
       Both:     29.86 MB used.

Virtual space:
  Non-class space:       64.00 MB reserved,      27.44 MB ( 43%) committed,  1 nodes.
      Class space:        1.00 GB reserved,       3.44 MB ( <1%) committed,  1 nodes.
             Both:        1.06 GB reserved,      30.88 MB (  3%) committed. 

Chunk freelists:
   Non-Class:  4.47 MB
       Class:  12.57 MB
        Both:  17.04 MB

MaxMetaspaceSize: unlimited
CompressedClassSpaceSize: 1.00 GB
Initial GC threshold: 21.00 MB
Current GC threshold: 35.00 MB
CDS: on
 - commit_granule_bytes: 65536.
 - commit_granule_words: 8192.
 - virtual_space_node_default_size: 8388608.
 - enlarge_chunks_in_place: 1.
 - use_allocation_guard: 0.


Internal statistics:

num_allocs_failed_limit: 3.
num_arena_births: 870.
num_arena_deaths: 14.
num_vsnodes_births: 2.
num_vsnodes_deaths: 0.
num_space_committed: 494.
num_space_uncommitted: 0.
num_chunks_returned_to_freelist: 17.
num_chunks_taken_from_freelist: 2182.
num_chunk_merges: 4.
num_chunk_splits: 1378.
num_chunks_enlarged: 813.
num_inconsistent_stats: 0.

CodeHeap 'non-profiled nmethods': size=120000Kb used=2250Kb max_used=2250Kb free=117749Kb
 bounds [0x000002450e600000, 0x000002450e870000, 0x0000024515b30000]
CodeHeap 'profiled nmethods': size=120000Kb used=9942Kb max_used=9942Kb free=110057Kb
 bounds [0x0000024506b30000, 0x00000245074f0000, 0x000002450e060000]
CodeHeap 'non-nmethods': size=5760Kb used=1353Kb max_used=1373Kb free=4406Kb
 bounds [0x000002450e060000, 0x000002450e2d0000, 0x000002450e600000]
CodeCache: size=245760Kb, used=13545Kb, max_used=13565Kb, free=232212Kb
 total_blobs=5346, nmethods=4709, adapters=543, full_count=0
Compilation: enabled, stopped_count=0, restarted_count=0

Compilation events (20 events):
Event: 10.387 Thread 0x000002451a38bd80 4678       3       org.eclipse.jdt.internal.core.ClasspathEntry::<init> (27 bytes)
Event: 10.387 Thread 0x000002451a38bd80 nmethod 4678 0x00000245074c3090 code [0x00000245074c3240, 0x00000245074c33f8]
Event: 10.388 Thread 0x000002451a38bd80 4679       3       org.eclipse.core.internal.resources.Resource::hashCode (8 bytes)
Event: 10.388 Thread 0x000002451a38bd80 nmethod 4679 0x00000245074c3510 code [0x00000245074c36c0, 0x00000245074c3930]
Event: 10.398 Thread 0x000002451a38bd80 4680   !   3       org.eclipse.osgi.util.NLS::internalBind (412 bytes)
Event: 10.401 Thread 0x000002451a38bd80 nmethod 4680 0x00000245074c3a10 code [0x00000245074c3ee0, 0x00000245074c60f8]
Event: 10.401 Thread 0x000002451a38bd80 4681       2       java.lang.Character::isHighSurrogate (18 bytes)
Event: 10.401 Thread 0x000002451a38bd80 nmethod 4681 0x00000245074c7010 code [0x00000245074c71a0, 0x00000245074c72b0]
Event: 10.401 Thread 0x000002451a38bd80 4682       3       java.lang.StringBuilder::charAt (6 bytes)
Event: 10.401 Thread 0x000002451a38bd80 nmethod 4682 0x00000245074c7310 code [0x00000245074c74c0, 0x00000245074c7600]
Event: 10.401 Thread 0x000002451a38bd80 4683       1       org.eclipse.core.internal.resources.ResourceInfo::getNodeId (5 bytes)
Event: 10.401 Thread 0x000002451a38bd80 nmethod 4683 0x000002450e831190 code [0x000002450e831320, 0x000002450e8313f0]
Event: 10.404 Thread 0x000002451a38bd80 4684       1       java.util.concurrent.locks.ReentrantReadWriteLock$NonfairSync::writerShouldBlock (2 bytes)
Event: 10.404 Thread 0x000002451a38bd80 nmethod 4684 0x000002450e831490 code [0x000002450e831620, 0x000002450e8316e8]
Event: 10.406 Thread 0x000002451a38bd80 4685       3       java.lang.Character$UnicodeBlock::<init> (17 bytes)
Event: 10.406 Thread 0x000002451a38bd80 nmethod 4685 0x00000245074c7690 code [0x00000245074c7880, 0x00000245074c7ce0]
Event: 10.406 Thread 0x000002451a38bd80 4686       1       sun.util.calendar.CalendarDate::getYear (5 bytes)
Event: 10.406 Thread 0x000002451a38bd80 nmethod 4686 0x000002450e831790 code [0x000002450e831920, 0x000002450e8319e8]
Event: 10.415 Thread 0x000002451a38bd80 4687   !   3       org.eclipse.osgi.internal.loader.BundleLoader::findClass0 (491 bytes)
Event: 10.419 Thread 0x000002451a38bd80 nmethod 4687 0x00000245074c7e90 code [0x00000245074c8700, 0x00000245074ccc30]

GC Heap History (20 events):
Event: 3.721 GC heap before
{Heap before GC invocations=2 (full 0):
 PSYoungGen      total 29696K, used 28967K [0x00000000d5580000, 0x00000000d7680000, 0x0000000100000000)
  eden space 25600K, 100% used [0x00000000d5580000,0x00000000d6e80000,0x00000000d6e80000)
  from space 4096K, 82% used [0x00000000d6e80000,0x00000000d71c9e18,0x00000000d7280000)
  to   space 4096K, 0% used [0x00000000d7280000,0x00000000d7280000,0x00000000d7680000)
 ParOldGen       total 68608K, used 8K [0x0000000080000000, 0x0000000084300000, 0x00000000d5580000)
  object space 68608K, 0% used [0x0000000080000000,0x0000000080002000,0x0000000084300000)
 Metaspace       used 8020K, committed 8320K, reserved 1114112K
  class space    used 836K, committed 960K, reserved 1048576K
}
Event: 3.727 GC heap after
{Heap after GC invocations=2 (full 0):
 PSYoungGen      total 29696K, used 4085K [0x00000000d5580000, 0x00000000d7680000, 0x0000000100000000)
  eden space 25600K, 0% used [0x00000000d5580000,0x00000000d5580000,0x00000000d6e80000)
  from space 4096K, 99% used [0x00000000d7280000,0x00000000d767d790,0x00000000d7680000)
  to   space 4096K, 0% used [0x00000000d6e80000,0x00000000d6e80000,0x00000000d7280000)
 ParOldGen       total 68608K, used 1783K [0x0000000080000000, 0x0000000084300000, 0x00000000d5580000)
  object space 68608K, 2% used [0x0000000080000000,0x00000000801bdf10,0x0000000084300000)
 Metaspace       used 8020K, committed 8320K, reserved 1114112K
  class space    used 836K, committed 960K, reserved 1048576K
}
Event: 4.468 GC heap before
{Heap before GC invocations=3 (full 0):
 PSYoungGen      total 29696K, used 29685K [0x00000000d5580000, 0x00000000d7680000, 0x0000000100000000)
  eden space 25600K, 100% used [0x00000000d5580000,0x00000000d6e80000,0x00000000d6e80000)
  from space 4096K, 99% used [0x00000000d7280000,0x00000000d767d790,0x00000000d7680000)
  to   space 4096K, 0% used [0x00000000d6e80000,0x00000000d6e80000,0x00000000d7280000)
 ParOldGen       total 68608K, used 1783K [0x0000000080000000, 0x0000000084300000, 0x00000000d5580000)
  object space 68608K, 2% used [0x0000000080000000,0x00000000801bdf10,0x0000000084300000)
 Metaspace       used 9462K, committed 9792K, reserved 1114112K
  class space    used 1005K, committed 1152K, reserved 1048576K
}
Event: 4.479 GC heap after
{Heap after GC invocations=3 (full 0):
 PSYoungGen      total 29696K, used 4083K [0x00000000d5580000, 0x00000000d7680000, 0x0000000100000000)
  eden space 25600K, 0% used [0x00000000d5580000,0x00000000d5580000,0x00000000d6e80000)
  from space 4096K, 99% used [0x00000000d6e80000,0x00000000d727cdc8,0x00000000d7280000)
  to   space 4096K, 0% used [0x00000000d7280000,0x00000000d7280000,0x00000000d7680000)
 ParOldGen       total 68608K, used 4883K [0x0000000080000000, 0x0000000084300000, 0x00000000d5580000)
  object space 68608K, 7% used [0x0000000080000000,0x00000000804c4f70,0x0000000084300000)
 Metaspace       used 9462K, committed 9792K, reserved 1114112K
  class space    used 1005K, committed 1152K, reserved 1048576K
}
Event: 5.954 GC heap before
{Heap before GC invocations=4 (full 0):
 PSYoungGen      total 29696K, used 29681K [0x00000000d5580000, 0x00000000d7680000, 0x0000000100000000)
  eden space 25600K, 99% used [0x00000000d5580000,0x00000000d6e7f7f8,0x00000000d6e80000)
  from space 4096K, 99% used [0x00000000d6e80000,0x00000000d727cdc8,0x00000000d7280000)
  to   space 4096K, 0% used [0x00000000d7280000,0x00000000d7280000,0x00000000d7680000)
 ParOldGen       total 68608K, used 4883K [0x0000000080000000, 0x0000000084300000, 0x00000000d5580000)
  object space 68608K, 7% used [0x0000000080000000,0x00000000804c4f70,0x0000000084300000)
 Metaspace       used 12219K, committed 12544K, reserved 1114112K
  class space    used 1298K, committed 1472K, reserved 1048576K
}
Event: 5.959 GC heap after
{Heap after GC invocations=4 (full 0):
 PSYoungGen      total 29696K, used 4093K [0x00000000d5580000, 0x00000000d7680000, 0x0000000100000000)
  eden space 25600K, 0% used [0x00000000d5580000,0x00000000d5580000,0x00000000d6e80000)
  from space 4096K, 99% used [0x00000000d7280000,0x00000000d767f718,0x00000000d7680000)
  to   space 4096K, 0% used [0x00000000d6e80000,0x00000000d6e80000,0x00000000d7280000)
 ParOldGen       total 68608K, used 6650K [0x0000000080000000, 0x0000000084300000, 0x00000000d5580000)
  object space 68608K, 9% used [0x0000000080000000,0x000000008067e830,0x0000000084300000)
 Metaspace       used 12219K, committed 12544K, reserved 1114112K
  class space    used 1298K, committed 1472K, reserved 1048576K
}
Event: 6.784 GC heap before
{Heap before GC invocations=5 (full 0):
 PSYoungGen      total 29696K, used 29693K [0x00000000d5580000, 0x00000000d7680000, 0x0000000100000000)
  eden space 25600K, 100% used [0x00000000d5580000,0x00000000d6e80000,0x00000000d6e80000)
  from space 4096K, 99% used [0x00000000d7280000,0x00000000d767f718,0x00000000d7680000)
  to   space 4096K, 0% used [0x00000000d6e80000,0x00000000d6e80000,0x00000000d7280000)
 ParOldGen       total 68608K, used 6650K [0x0000000080000000, 0x0000000084300000, 0x00000000d5580000)
  object space 68608K, 9% used [0x0000000080000000,0x000000008067e830,0x0000000084300000)
 Metaspace       used 15306K, committed 15808K, reserved 1114112K
  class space    used 1571K, committed 1792K, reserved 1048576K
}
Event: 6.788 GC heap after
{Heap after GC invocations=5 (full 0):
 PSYoungGen      total 29184K, used 4091K [0x00000000d5580000, 0x00000000d7a00000, 0x0000000100000000)
  eden space 25088K, 0% used [0x00000000d5580000,0x00000000d5580000,0x00000000d6e00000)
  from space 4096K, 99% used [0x00000000d6e80000,0x00000000d727eeb8,0x00000000d7280000)
  to   space 6144K, 0% used [0x00000000d7400000,0x00000000d7400000,0x00000000d7a00000)
 ParOldGen       total 68608K, used 8143K [0x0000000080000000, 0x0000000084300000, 0x00000000d5580000)
  object space 68608K, 11% used [0x0000000080000000,0x00000000807f3f88,0x0000000084300000)
 Metaspace       used 15306K, committed 15808K, reserved 1114112K
  class space    used 1571K, committed 1792K, reserved 1048576K
}
Event: 8.228 GC heap before
{Heap before GC invocations=6 (full 0):
 PSYoungGen      total 29184K, used 29179K [0x00000000d5580000, 0x00000000d7a00000, 0x0000000100000000)
  eden space 25088K, 100% used [0x00000000d5580000,0x00000000d6e00000,0x00000000d6e00000)
  from space 4096K, 99% used [0x00000000d6e80000,0x00000000d727eeb8,0x00000000d7280000)
  to   space 6144K, 0% used [0x00000000d7400000,0x00000000d7400000,0x00000000d7a00000)
 ParOldGen       total 68608K, used 8143K [0x0000000080000000, 0x0000000084300000, 0x00000000d5580000)
  object space 68608K, 11% used [0x0000000080000000,0x00000000807f3f88,0x0000000084300000)
 Metaspace       used 18535K, committed 19264K, reserved 1114112K
  class space    used 1932K, committed 2240K, reserved 1048576K
}
Event: 8.232 GC heap after
{Heap after GC invocations=6 (full 0):
 PSYoungGen      total 30208K, used 5348K [0x00000000d5580000, 0x00000000d7980000, 0x0000000100000000)
  eden space 24576K, 0% used [0x00000000d5580000,0x00000000d5580000,0x00000000d6d80000)
  from space 5632K, 94% used [0x00000000d7400000,0x00000000d79391a0,0x00000000d7980000)
  to   space 5632K, 0% used [0x00000000d6e80000,0x00000000d6e80000,0x00000000d7400000)
 ParOldGen       total 68608K, used 8151K [0x0000000080000000, 0x0000000084300000, 0x00000000d5580000)
  object space 68608K, 11% used [0x0000000080000000,0x00000000807f5f88,0x0000000084300000)
 Metaspace       used 18535K, committed 19264K, reserved 1114112K
  class space    used 1932K, committed 2240K, reserved 1048576K
}
Event: 9.015 GC heap before
{Heap before GC invocations=7 (full 0):
 PSYoungGen      total 30208K, used 25994K [0x00000000d5580000, 0x00000000d7980000, 0x0000000100000000)
  eden space 24576K, 84% used [0x00000000d5580000,0x00000000d69a9710,0x00000000d6d80000)
  from space 5632K, 94% used [0x00000000d7400000,0x00000000d79391a0,0x00000000d7980000)
  to   space 5632K, 0% used [0x00000000d6e80000,0x00000000d6e80000,0x00000000d7400000)
 ParOldGen       total 68608K, used 8151K [0x0000000080000000, 0x0000000084300000, 0x00000000d5580000)
  object space 68608K, 11% used [0x0000000080000000,0x00000000807f5f88,0x0000000084300000)
 Metaspace       used 20658K, committed 21504K, reserved 1114112K
  class space    used 2193K, committed 2560K, reserved 1048576K
}
Event: 9.020 GC heap after
{Heap after GC invocations=7 (full 0):
 PSYoungGen      total 28672K, used 4074K [0x00000000d5580000, 0x00000000d7680000, 0x0000000100000000)
  eden space 24576K, 0% used [0x00000000d5580000,0x00000000d5580000,0x00000000d6d80000)
  from space 4096K, 99% used [0x00000000d6e80000,0x00000000d727a9d0,0x00000000d7280000)
  to   space 4096K, 0% used [0x00000000d7280000,0x00000000d7280000,0x00000000d7680000)
 ParOldGen       total 68608K, used 9531K [0x0000000080000000, 0x0000000084300000, 0x00000000d5580000)
  object space 68608K, 13% used [0x0000000080000000,0x000000008094ef90,0x0000000084300000)
 Metaspace       used 20658K, committed 21504K, reserved 1114112K
  class space    used 2193K, committed 2560K, reserved 1048576K
}
Event: 9.020 GC heap before
{Heap before GC invocations=8 (full 1):
 PSYoungGen      total 28672K, used 4074K [0x00000000d5580000, 0x00000000d7680000, 0x0000000100000000)
  eden space 24576K, 0% used [0x00000000d5580000,0x00000000d5580000,0x00000000d6d80000)
  from space 4096K, 99% used [0x00000000d6e80000,0x00000000d727a9d0,0x00000000d7280000)
  to   space 4096K, 0% used [0x00000000d7280000,0x00000000d7280000,0x00000000d7680000)
 ParOldGen       total 68608K, used 9531K [0x0000000080000000, 0x0000000084300000, 0x00000000d5580000)
  object space 68608K, 13% used [0x0000000080000000,0x000000008094ef90,0x0000000084300000)
 Metaspace       used 20658K, committed 21504K, reserved 1114112K
  class space    used 2193K, committed 2560K, reserved 1048576K
}
Event: 9.060 GC heap after
{Heap after GC invocations=8 (full 1):
 PSYoungGen      total 28672K, used 0K [0x00000000d5580000, 0x00000000d7680000, 0x0000000100000000)
  eden space 24576K, 0% used [0x00000000d5580000,0x00000000d5580000,0x00000000d6d80000)
  from space 4096K, 0% used [0x00000000d6e80000,0x00000000d6e80000,0x00000000d7280000)
  to   space 4096K, 0% used [0x00000000d7280000,0x00000000d7280000,0x00000000d7680000)
 ParOldGen       total 68608K, used 12782K [0x0000000080000000, 0x0000000084300000, 0x00000000d5580000)
  object space 68608K, 18% used [0x0000000080000000,0x0000000080c7b978,0x0000000084300000)
 Metaspace       used 20646K, committed 21504K, reserved 1114112K
  class space    used 2190K, committed 2560K, reserved 1048576K
}
Event: 9.570 GC heap before
{Heap before GC invocations=9 (full 1):
 PSYoungGen      total 28672K, used 24576K [0x00000000d5580000, 0x00000000d7680000, 0x0000000100000000)
  eden space 24576K, 100% used [0x00000000d5580000,0x00000000d6d80000,0x00000000d6d80000)
  from space 4096K, 0% used [0x00000000d6e80000,0x00000000d6e80000,0x00000000d7280000)
  to   space 4096K, 0% used [0x00000000d7280000,0x00000000d7280000,0x00000000d7680000)
 ParOldGen       total 68608K, used 12782K [0x0000000080000000, 0x0000000084300000, 0x00000000d5580000)
  object space 68608K, 18% used [0x0000000080000000,0x0000000080c7b978,0x0000000084300000)
 Metaspace       used 22841K, committed 23744K, reserved 1114112K
  class space    used 2385K, committed 2752K, reserved 1048576K
}
Event: 9.573 GC heap after
{Heap after GC invocations=9 (full 1):
 PSYoungGen      total 27648K, used 3142K [0x00000000d5580000, 0x00000000d7600000, 0x0000000100000000)
  eden space 24064K, 0% used [0x00000000d5580000,0x00000000d5580000,0x00000000d6d00000)
  from space 3584K, 87% used [0x00000000d7280000,0x00000000d7591990,0x00000000d7600000)
  to   space 3584K, 0% used [0x00000000d6f00000,0x00000000d6f00000,0x00000000d7280000)
 ParOldGen       total 68608K, used 12790K [0x0000000080000000, 0x0000000084300000, 0x00000000d5580000)
  object space 68608K, 18% used [0x0000000080000000,0x0000000080c7d978,0x0000000084300000)
 Metaspace       used 22841K, committed 23744K, reserved 1114112K
  class space    used 2385K, committed 2752K, reserved 1048576K
}
Event: 9.816 GC heap before
{Heap before GC invocations=10 (full 1):
 PSYoungGen      total 27648K, used 27206K [0x00000000d5580000, 0x00000000d7600000, 0x0000000100000000)
  eden space 24064K, 100% used [0x00000000d5580000,0x00000000d6d00000,0x00000000d6d00000)
  from space 3584K, 87% used [0x00000000d7280000,0x00000000d7591990,0x00000000d7600000)
  to   space 3584K, 0% used [0x00000000d6f00000,0x00000000d6f00000,0x00000000d7280000)
 ParOldGen       total 68608K, used 12790K [0x0000000080000000, 0x0000000084300000, 0x00000000d5580000)
  object space 68608K, 18% used [0x0000000080000000,0x0000000080c7d978,0x0000000084300000)
 Metaspace       used 26176K, committed 27072K, reserved 1114112K
  class space    used 2634K, committed 3008K, reserved 1048576K
}
Event: 9.819 GC heap after
{Heap after GC invocations=10 (full 1):
 PSYoungGen      total 27136K, used 3418K [0x00000000d5580000, 0x00000000d7380000, 0x0000000100000000)
  eden space 23552K, 0% used [0x00000000d5580000,0x00000000d5580000,0x00000000d6c80000)
  from space 3584K, 95% used [0x00000000d6f00000,0x00000000d7256a90,0x00000000d7280000)
  to   space 1024K, 0% used [0x00000000d7280000,0x00000000d7280000,0x00000000d7380000)
 ParOldGen       total 68608K, used 12798K [0x0000000080000000, 0x0000000084300000, 0x00000000d5580000)
  object space 68608K, 18% used [0x0000000080000000,0x0000000080c7f978,0x0000000084300000)
 Metaspace       used 26176K, committed 27072K, reserved 1114112K
  class space    used 2634K, committed 3008K, reserved 1048576K
}
Event: 10.040 GC heap before
{Heap before GC invocations=11 (full 1):
 PSYoungGen      total 27136K, used 26970K [0x00000000d5580000, 0x00000000d7380000, 0x0000000100000000)
  eden space 23552K, 100% used [0x00000000d5580000,0x00000000d6c80000,0x00000000d6c80000)
  from space 3584K, 95% used [0x00000000d6f00000,0x00000000d7256a90,0x00000000d7280000)
  to   space 1024K, 0% used [0x00000000d7280000,0x00000000d7280000,0x00000000d7380000)
 ParOldGen       total 68608K, used 12798K [0x0000000080000000, 0x0000000084300000, 0x00000000d5580000)
  object space 68608K, 18% used [0x0000000080000000,0x0000000080c7f978,0x0000000084300000)
 Metaspace       used 27787K, committed 28736K, reserved 1114112K
  class space    used 2737K, committed 3136K, reserved 1048576K
}
Event: 10.043 GC heap after
{Heap after GC invocations=11 (full 1):
 PSYoungGen      total 24064K, used 912K [0x00000000d5580000, 0x00000000d7380000, 0x0000000100000000)
  eden space 23040K, 0% used [0x00000000d5580000,0x00000000d5580000,0x00000000d6c00000)
  from space 1024K, 89% used [0x00000000d7280000,0x00000000d7364110,0x00000000d7380000)
  to   space 2048K, 0% used [0x00000000d6f80000,0x00000000d6f80000,0x00000000d7180000)
 ParOldGen       total 68608K, used 15386K [0x0000000080000000, 0x0000000084300000, 0x00000000d5580000)
  object space 68608K, 22% used [0x0000000080000000,0x0000000080f06a00,0x0000000084300000)
 Metaspace       used 27787K, committed 28736K, reserved 1114112K
  class space    used 2737K, committed 3136K, reserved 1048576K
}

Dll operation events (10 events):
Event: 0.011 Loaded shared library c:\Users\Mateo\.vscode\extensions\redhat.java-1.45.0-win32-x64\jre\21.0.8-win32-x86_64\bin\java.dll
Event: 0.250 Loaded shared library c:\Users\Mateo\.vscode\extensions\redhat.java-1.45.0-win32-x64\jre\21.0.8-win32-x86_64\bin\zip.dll
Event: 0.326 Loaded shared library C:\Users\Mateo\.vscode\extensions\redhat.java-1.45.0-win32-x64\jre\21.0.8-win32-x86_64\bin\instrument.dll
Event: 0.333 Loaded shared library C:\Users\Mateo\.vscode\extensions\redhat.java-1.45.0-win32-x64\jre\21.0.8-win32-x86_64\bin\net.dll
Event: 0.342 Loaded shared library C:\Users\Mateo\.vscode\extensions\redhat.java-1.45.0-win32-x64\jre\21.0.8-win32-x86_64\bin\nio.dll
Event: 0.346 Loaded shared library C:\Users\Mateo\.vscode\extensions\redhat.java-1.45.0-win32-x64\jre\21.0.8-win32-x86_64\bin\zip.dll
Event: 0.398 Loaded shared library C:\Users\Mateo\.vscode\extensions\redhat.java-1.45.0-win32-x64\jre\21.0.8-win32-x86_64\bin\jimage.dll
Event: 0.564 Loaded shared library c:\Users\Mateo\.vscode\extensions\redhat.java-1.45.0-win32-x64\jre\21.0.8-win32-x86_64\bin\verify.dll
Event: 3.772 Loaded shared library C:\Users\Mateo\AppData\Roaming\Code\User\globalStorage\redhat.java\1.45.0\config_win\org.eclipse.equinox.launcher\org.eclipse.equinox.launcher.win32.win32.x86_64_1.2.1400.v20250801-0854\eclipse_11916.dll
Event: 7.442 Loaded shared library C:\Users\Mateo\AppData\Local\Temp\jna-74115562\jna14762625697487809945.dll

Deoptimization events (20 events):
Event: 10.398 Thread 0x00000245610fdcc0 Uncommon trap: trap_request=0xffffffde fr.pc=0x000002450e8050b8 relative=0x00000000000000f8
Event: 10.398 Thread 0x00000245610fdcc0 Uncommon trap: reason=class_check action=maybe_recompile pc=0x000002450e8050b8 method=java.lang.Character.codePointAt(Ljava/lang/CharSequence;I)I @ 2 c2
Event: 10.398 Thread 0x00000245610fdcc0 DEOPT PACKING pc=0x000002450e8050b8 sp=0x000000a0297fe950
Event: 10.398 Thread 0x00000245610fdcc0 DEOPT UNPACKING pc=0x000002450e0b6da2 sp=0x000000a0297fe8d8 mode 2
Event: 10.398 Thread 0x00000245610fdcc0 Uncommon trap: trap_request=0xffffffde fr.pc=0x000002450e8050b8 relative=0x00000000000000f8
Event: 10.398 Thread 0x00000245610fdcc0 Uncommon trap: reason=class_check action=maybe_recompile pc=0x000002450e8050b8 method=java.lang.Character.codePointAt(Ljava/lang/CharSequence;I)I @ 2 c2
Event: 10.398 Thread 0x00000245610fdcc0 DEOPT PACKING pc=0x000002450e8050b8 sp=0x000000a0297fe950
Event: 10.398 Thread 0x00000245610fdcc0 DEOPT UNPACKING pc=0x000002450e0b6da2 sp=0x000000a0297fe8d8 mode 2
Event: 10.398 Thread 0x00000245610fdcc0 Uncommon trap: trap_request=0xffffffde fr.pc=0x000002450e8050b8 relative=0x00000000000000f8
Event: 10.398 Thread 0x00000245610fdcc0 Uncommon trap: reason=class_check action=maybe_recompile pc=0x000002450e8050b8 method=java.lang.Character.codePointAt(Ljava/lang/CharSequence;I)I @ 2 c2
Event: 10.398 Thread 0x00000245610fdcc0 DEOPT PACKING pc=0x000002450e8050b8 sp=0x000000a0297fe950
Event: 10.398 Thread 0x00000245610fdcc0 DEOPT UNPACKING pc=0x000002450e0b6da2 sp=0x000000a0297fe8d8 mode 2
Event: 10.398 Thread 0x00000245610fdcc0 Uncommon trap: trap_request=0xffffffde fr.pc=0x000002450e8050b8 relative=0x00000000000000f8
Event: 10.398 Thread 0x00000245610fdcc0 Uncommon trap: reason=class_check action=maybe_recompile pc=0x000002450e8050b8 method=java.lang.Character.codePointAt(Ljava/lang/CharSequence;I)I @ 2 c2
Event: 10.398 Thread 0x00000245610fdcc0 DEOPT PACKING pc=0x000002450e8050b8 sp=0x000000a0297fe950
Event: 10.398 Thread 0x00000245610fdcc0 DEOPT UNPACKING pc=0x000002450e0b6da2 sp=0x000000a0297fe8d8 mode 2
Event: 10.407 Thread 0x00000245610fdcc0 Uncommon trap: trap_request=0xffffff45 fr.pc=0x000002450e8190d0 relative=0x0000000000000230
Event: 10.407 Thread 0x00000245610fdcc0 Uncommon trap: reason=unstable_if action=reinterpret pc=0x000002450e8190d0 method=java.lang.AbstractStringBuilder.appendChars([CII)V @ 43 c2
Event: 10.407 Thread 0x00000245610fdcc0 DEOPT PACKING pc=0x000002450e8190d0 sp=0x000000a0297fea40
Event: 10.407 Thread 0x00000245610fdcc0 DEOPT UNPACKING pc=0x000002450e0b6da2 sp=0x000000a0297fe9b8 mode 2

Classes loaded (20 events):
Event: 10.360 Loading class java/util/UUID$Holder
Event: 10.360 Loading class java/util/UUID$Holder done
Event: 10.382 Loading class java/util/DualPivotQuicksort
Event: 10.382 Loading class java/util/DualPivotQuicksort done
Event: 10.391 Loading class java/lang/Character$UnicodeBlock
Event: 10.392 Loading class java/lang/Character$Subset
Event: 10.392 Loading class java/lang/Character$Subset done
Event: 10.394 Loading class java/lang/Character$UnicodeBlock done
Event: 10.398 Loading class java/io/FileReader
Event: 10.398 Loading class java/io/FileReader done
Event: 10.405 Loading class java/io/PrintWriter$1
Event: 10.405 Loading class jdk/internal/access/JavaIOPrintWriterAccess
Event: 10.405 Loading class jdk/internal/access/JavaIOPrintWriterAccess done
Event: 10.405 Loading class java/io/PrintWriter$1 done
Event: 10.405 Loading class java/lang/Throwable$WrappedPrintWriter
Event: 10.405 Loading class java/lang/Throwable$PrintStreamOrWriter
Event: 10.405 Loading class java/lang/Throwable$PrintStreamOrWriter done
Event: 10.405 Loading class java/lang/Throwable$WrappedPrintWriter done
Event: 10.414 Loading class java/lang/StringIndexOutOfBoundsException
Event: 10.414 Loading class java/lang/StringIndexOutOfBoundsException done

Classes unloaded (7 events):
Event: 9.027 Thread 0x00000245039f3150 Unloading class 0x000002451c1a7000 'java/lang/invoke/LambdaForm$MH+0x000002451c1a7000'
Event: 9.027 Thread 0x00000245039f3150 Unloading class 0x000002451c1a6c00 'java/lang/invoke/LambdaForm$MH+0x000002451c1a6c00'
Event: 9.027 Thread 0x00000245039f3150 Unloading class 0x000002451c1a6800 'java/lang/invoke/LambdaForm$MH+0x000002451c1a6800'
Event: 9.027 Thread 0x00000245039f3150 Unloading class 0x000002451c1a6400 'java/lang/invoke/LambdaForm$MH+0x000002451c1a6400'
Event: 9.027 Thread 0x00000245039f3150 Unloading class 0x000002451c1a6000 'java/lang/invoke/LambdaForm$BMH+0x000002451c1a6000'
Event: 9.027 Thread 0x00000245039f3150 Unloading class 0x000002451c1a5c00 'java/lang/invoke/LambdaForm$DMH+0x000002451c1a5c00'
Event: 9.027 Thread 0x00000245039f3150 Unloading class 0x000002451c1a4800 'java/lang/invoke/LambdaForm$DMH+0x000002451c1a4800'

Classes redefined (0 events):
No events

Internal exceptions (20 events):
Event: 10.315 Thread 0x00000245610ffd90 Exception <a 'sun/nio/fs/WindowsException'{0x00000000d60fab50}> (0x00000000d60fab50) 
thrown [s\src\hotspot\share\prims\jni.cpp, line 520]
Event: 10.317 Thread 0x00000245610ffd90 Exception <a 'java/lang/NoSuchMethodError'{0x00000000d6110260}: 'void java.lang.invoke.DirectMethodHandle$Holder.invokeVirtual(java.lang.Object, java.lang.Object, java.lang.Object, java.lang.Object)'> (0x00000000d6110260) 
thrown [s\src\hotspot\share\interpreter\linkResolver.cpp, line 773]
Event: 10.321 Thread 0x00000245610ffd90 Exception <a 'sun/nio/fs/WindowsException'{0x00000000d613c480}> (0x00000000d613c480) 
thrown [s\src\hotspot\share\prims\jni.cpp, line 520]
Event: 10.321 Thread 0x00000245610ffd90 Exception <a 'sun/nio/fs/WindowsException'{0x00000000d613cf80}> (0x00000000d613cf80) 
thrown [s\src\hotspot\share\prims\jni.cpp, line 520]
Event: 10.322 Thread 0x00000245610ffd90 Exception <a 'sun/nio/fs/WindowsException'{0x00000000d6146cf0}> (0x00000000d6146cf0) 
thrown [s\src\hotspot\share\prims\jni.cpp, line 520]
Event: 10.322 Thread 0x00000245610ffd90 Exception <a 'sun/nio/fs/WindowsException'{0x00000000d61475d0}> (0x00000000d61475d0) 
thrown [s\src\hotspot\share\prims\jni.cpp, line 520]
Event: 10.323 Thread 0x00000245610ffd90 Exception <a 'sun/nio/fs/WindowsException'{0x00000000d614a6d8}> (0x00000000d614a6d8) 
thrown [s\src\hotspot\share\prims\jni.cpp, line 520]
Event: 10.323 Thread 0x00000245610ffd90 Exception <a 'sun/nio/fs/WindowsException'{0x00000000d614b238}> (0x00000000d614b238) 
thrown [s\src\hotspot\share\prims\jni.cpp, line 520]
Event: 10.325 Thread 0x00000245610ffd90 Exception <a 'sun/nio/fs/WindowsException'{0x00000000d614fd68}> (0x00000000d614fd68) 
thrown [s\src\hotspot\share\prims\jni.cpp, line 520]
Event: 10.325 Thread 0x00000245610ffd90 Exception <a 'sun/nio/fs/WindowsException'{0x00000000d6150868}> (0x00000000d6150868) 
thrown [s\src\hotspot\share\prims\jni.cpp, line 520]
Event: 10.326 Thread 0x00000245610ffd90 Exception <a 'sun/nio/fs/WindowsException'{0x00000000d6153b08}> (0x00000000d6153b08) 
thrown [s\src\hotspot\share\prims\jni.cpp, line 520]
Event: 10.326 Thread 0x00000245610ffd90 Exception <a 'sun/nio/fs/WindowsException'{0x00000000d61543e8}> (0x00000000d61543e8) 
thrown [s\src\hotspot\share\prims\jni.cpp, line 520]
Event: 10.326 Thread 0x00000245610ffd90 Exception <a 'sun/nio/fs/WindowsException'{0x00000000d6157430}> (0x00000000d6157430) 
thrown [s\src\hotspot\share\prims\jni.cpp, line 520]
Event: 10.326 Thread 0x00000245610ffd90 Exception <a 'sun/nio/fs/WindowsException'{0x00000000d6157d10}> (0x00000000d6157d10) 
thrown [s\src\hotspot\share\prims\jni.cpp, line 520]
Event: 10.333 Thread 0x00000245610ffd90 Exception <a 'sun/nio/fs/WindowsException'{0x00000000d61b93e8}> (0x00000000d61b93e8) 
thrown [s\src\hotspot\share\prims\jni.cpp, line 520]
Event: 10.334 Thread 0x00000245610ffd90 Exception <a 'sun/nio/fs/WindowsException'{0x00000000d61b9f60}> (0x00000000d61b9f60) 
thrown [s\src\hotspot\share\prims\jni.cpp, line 520]
Event: 10.336 Thread 0x00000245610ffd90 Exception <a 'sun/nio/fs/WindowsException'{0x00000000d61cf688}> (0x00000000d61cf688) 
thrown [s\src\hotspot\share\prims\jni.cpp, line 520]
Event: 10.336 Thread 0x00000245610ffd90 Exception <a 'sun/nio/fs/WindowsException'{0x00000000d61cfcb8}> (0x00000000d61cfcb8) 
thrown [s\src\hotspot\share\prims\jni.cpp, line 520]
Event: 10.340 Thread 0x00000245610ffd90 Exception <a 'java/io/FileNotFoundException'{0x00000000d61fe9c0}> (0x00000000d61fe9c0) 
thrown [s\src\hotspot\share\prims\jni.cpp, line 520]
Event: 10.402 Thread 0x00000245610fdcc0 Exception <a 'java/lang/OutOfMemoryError'{0x00000000d67be110}> (0x00000000d67be110) 
thrown [s\src\hotspot\share\prims\jni.cpp, line 539]

ZGC Phase Switch (0 events):
No events

VM Operations (20 events):
Event: 8.144 Executing VM operation: HandshakeAllThreads (Deoptimize)
Event: 8.144 Executing VM operation: HandshakeAllThreads (Deoptimize) done
Event: 8.228 Executing VM operation: ParallelGCFailedAllocation (Allocation Failure)
Event: 8.232 Executing VM operation: ParallelGCFailedAllocation (Allocation Failure) done
Event: 8.964 Executing VM operation: HandshakeAllThreads (Deoptimize)
Event: 8.964 Executing VM operation: HandshakeAllThreads (Deoptimize) done
Event: 9.014 Executing VM operation: CollectForMetadataAllocation (Metadata GC Threshold)
Event: 9.061 Executing VM operation: CollectForMetadataAllocation (Metadata GC Threshold) done
Event: 9.378 Executing VM operation: HandshakeAllThreads (Deoptimize)
Event: 9.378 Executing VM operation: HandshakeAllThreads (Deoptimize) done
Event: 9.570 Executing VM operation: ParallelGCFailedAllocation (Allocation Failure)
Event: 9.573 Executing VM operation: ParallelGCFailedAllocation (Allocation Failure) done
Event: 9.816 Executing VM operation: ParallelGCFailedAllocation (Allocation Failure)
Event: 9.819 Executing VM operation: ParallelGCFailedAllocation (Allocation Failure) done
Event: 10.040 Executing VM operation: ParallelGCFailedAllocation (Allocation Failure)
Event: 10.043 Executing VM operation: ParallelGCFailedAllocation (Allocation Failure) done
Event: 10.188 Executing VM operation: HandshakeAllThreads (Deoptimize)
Event: 10.349 Executing VM operation: HandshakeAllThreads (Deoptimize) done
Event: 10.391 Executing VM operation: HandshakeAllThreads (Deoptimize)
Event: 10.393 Executing VM operation: HandshakeAllThreads (Deoptimize) done

Memory protections (0 events):
No events

Nmethod flushes (0 events):
No events

Events (20 events):
Event: 3.072 Thread 0x000002456067d5e0 Thread exited: 0x000002456067d5e0
Event: 3.220 Thread 0x00000245039328a0 Thread added: 0x0000024560a0ea90
Event: 3.535 Thread 0x000002451a38bd80 Thread added: 0x0000024560985bb0
Event: 3.612 Thread 0x00000245039328a0 Thread added: 0x0000024560dee270
Event: 3.727 Thread 0x0000024560985bb0 Thread exited: 0x0000024560985bb0
Event: 3.802 Thread 0x0000024560dee270 Thread added: 0x0000024560ded6c0
Event: 3.807 Thread 0x00000245039328a0 Thread added: 0x0000024560992c30
Event: 4.040 Thread 0x000002451a38bd80 Thread added: 0x0000024560dc2420
Event: 4.571 Thread 0x0000024560992c30 Thread added: 0x0000024560b32d30
Event: 5.203 Thread 0x0000024560992c30 Thread added: 0x00000245611ccda0
Event: 5.274 Thread 0x0000024560dc2420 Thread exited: 0x0000024560dc2420
Event: 5.556 Thread 0x0000024560992c30 Thread added: 0x00000245610ff700
Event: 6.572 Thread 0x0000024560992c30 Thread added: 0x0000024561100ab0
Event: 7.480 Thread 0x0000024560992c30 Thread added: 0x0000024561101140
Event: 7.764 Thread 0x0000024560992c30 Thread added: 0x00000245610fdcc0
Event: 7.783 Thread 0x0000024560992c30 Thread added: 0x00000245610ffd90
Event: 8.041 Thread 0x00000245610ffd90 Thread added: 0x0000024561100420
Event: 9.167 Thread 0x000002451a38bd80 Thread added: 0x0000024560b95fd0
Event: 10.138 Thread 0x0000024560992c30 Thread added: 0x00000245615c09b0
Event: 10.358 Thread 0x00000245610fdcc0 Thread added: 0x00000245615bef70


Dynamic libraries:
0x00007ff61ed00000 - 0x00007ff61ed0e000 	c:\Users\Mateo\.vscode\extensions\redhat.java-1.45.0-win32-x64\jre\21.0.8-win32-x86_64\bin\java.exe
0x00007ffbc4250000 - 0x00007ffbc4448000 	C:\WINDOWS\SYSTEM32\ntdll.dll
0x00007ffbc2d80000 - 0x00007ffbc2e42000 	C:\WINDOWS\System32\KERNEL32.DLL
0x00007ffbc1b90000 - 0x00007ffbc1e86000 	C:\WINDOWS\System32\KERNELBASE.dll
0x00007ffbc1a90000 - 0x00007ffbc1b90000 	C:\WINDOWS\System32\ucrtbase.dll
0x00007ffba8890000 - 0x00007ffba88a8000 	c:\Users\Mateo\.vscode\extensions\redhat.java-1.45.0-win32-x64\jre\21.0.8-win32-x86_64\bin\jli.dll
0x00007ffbc3780000 - 0x00007ffbc391d000 	C:\WINDOWS\System32\USER32.dll
0x00007ffbc2190000 - 0x00007ffbc21b2000 	C:\WINDOWS\System32\win32u.dll
0x00007ffbc2bc0000 - 0x00007ffbc2beb000 	C:\WINDOWS\System32\GDI32.dll
0x00007ffbc2070000 - 0x00007ffbc2189000 	C:\WINDOWS\System32\gdi32full.dll
0x00007ffbc18f0000 - 0x00007ffbc198d000 	C:\WINDOWS\System32\msvcp_win.dll
0x00007ffba8870000 - 0x00007ffba888e000 	c:\Users\Mateo\.vscode\extensions\redhat.java-1.45.0-win32-x64\jre\21.0.8-win32-x86_64\bin\VCRUNTIME140.dll
0x00007ffba5660000 - 0x00007ffba58fb000 	C:\WINDOWS\WinSxS\amd64_microsoft.windows.common-controls_6595b64144ccf1df_6.0.19041.6280_none_60bc30a171f2f3f3\COMCTL32.dll
0x00007ffbc3e40000 - 0x00007ffbc3ede000 	C:\WINDOWS\System32\msvcrt.dll
0x00007ffbc23b0000 - 0x00007ffbc23df000 	C:\WINDOWS\System32\IMM32.DLL
0x00007ffbbdc10000 - 0x00007ffbbdc1c000 	c:\Users\Mateo\.vscode\extensions\redhat.java-1.45.0-win32-x64\jre\21.0.8-win32-x86_64\bin\vcruntime140_1.dll
0x00007ffb7c2c0000 - 0x00007ffb7c34d000 	c:\Users\Mateo\.vscode\extensions\redhat.java-1.45.0-win32-x64\jre\21.0.8-win32-x86_64\bin\msvcp140.dll
0x00007ffb49aa0000 - 0x00007ffb4a837000 	c:\Users\Mateo\.vscode\extensions\redhat.java-1.45.0-win32-x64\jre\21.0.8-win32-x86_64\bin\server\jvm.dll
0x00007ffbc3ee0000 - 0x00007ffbc3f91000 	C:\WINDOWS\System32\ADVAPI32.dll
0x00007ffbc2280000 - 0x00007ffbc231f000 	C:\WINDOWS\System32\sechost.dll
0x00007ffbc3650000 - 0x00007ffbc3770000 	C:\WINDOWS\System32\RPCRT4.dll
0x00007ffbc2250000 - 0x00007ffbc2277000 	C:\WINDOWS\System32\bcrypt.dll
0x00007ffbc2d10000 - 0x00007ffbc2d7b000 	C:\WINDOWS\System32\WS2_32.dll
0x00007ffbc1750000 - 0x00007ffbc179b000 	C:\WINDOWS\SYSTEM32\POWRPROF.dll
0x00007ffba6bc0000 - 0x00007ffba6be7000 	C:\WINDOWS\SYSTEM32\WINMM.dll
0x00007ffbb6de0000 - 0x00007ffbb6dea000 	C:\WINDOWS\SYSTEM32\VERSION.dll
0x00007ffbc1730000 - 0x00007ffbc1742000 	C:\WINDOWS\SYSTEM32\UMPDC.dll
0x00007ffbc0110000 - 0x00007ffbc0122000 	C:\WINDOWS\SYSTEM32\kernel.appcore.dll
0x00007ffbb8200000 - 0x00007ffbb820a000 	c:\Users\Mateo\.vscode\extensions\redhat.java-1.45.0-win32-x64\jre\21.0.8-win32-x86_64\bin\jimage.dll
0x00007ffbbfdf0000 - 0x00007ffbbfff1000 	C:\WINDOWS\SYSTEM32\DBGHELP.DLL
0x00007ffba4600000 - 0x00007ffba4634000 	C:\WINDOWS\SYSTEM32\dbgcore.DLL
0x00007ffbc21c0000 - 0x00007ffbc2242000 	C:\WINDOWS\System32\bcryptPrimitives.dll
0x00007ffbb8040000 - 0x00007ffbb804f000 	c:\Users\Mateo\.vscode\extensions\redhat.java-1.45.0-win32-x64\jre\21.0.8-win32-x86_64\bin\instrument.dll
0x00007ffba8830000 - 0x00007ffba884f000 	c:\Users\Mateo\.vscode\extensions\redhat.java-1.45.0-win32-x64\jre\21.0.8-win32-x86_64\bin\java.dll
0x00007ffbc23e0000 - 0x00007ffbc2b50000 	C:\WINDOWS\System32\SHELL32.dll
0x00007ffbbf640000 - 0x00007ffbbfde5000 	C:\WINDOWS\SYSTEM32\windows.storage.dll
0x00007ffbc3130000 - 0x00007ffbc3483000 	C:\WINDOWS\System32\combase.dll
0x00007ffbc12b0000 - 0x00007ffbc12db000 	C:\WINDOWS\SYSTEM32\Wldp.dll
0x00007ffbc2e50000 - 0x00007ffbc2f1d000 	C:\WINDOWS\System32\OLEAUT32.dll
0x00007ffbc4080000 - 0x00007ffbc412d000 	C:\WINDOWS\System32\SHCORE.dll
0x00007ffbc30d0000 - 0x00007ffbc312b000 	C:\WINDOWS\System32\shlwapi.dll
0x00007ffbc1820000 - 0x00007ffbc1844000 	C:\WINDOWS\SYSTEM32\profapi.dll
0x00007ffba8810000 - 0x00007ffba8828000 	c:\Users\Mateo\.vscode\extensions\redhat.java-1.45.0-win32-x64\jre\21.0.8-win32-x86_64\bin\zip.dll
0x00007ffbb79d0000 - 0x00007ffbb79e0000 	C:\Users\Mateo\.vscode\extensions\redhat.java-1.45.0-win32-x64\jre\21.0.8-win32-x86_64\bin\net.dll
0x00007ffbb47d0000 - 0x00007ffbb48da000 	C:\WINDOWS\SYSTEM32\WINHTTP.dll
0x00007ffbc0fb0000 - 0x00007ffbc101a000 	C:\WINDOWS\system32\mswsock.dll
0x00007ffba6520000 - 0x00007ffba6536000 	C:\Users\Mateo\.vscode\extensions\redhat.java-1.45.0-win32-x64\jre\21.0.8-win32-x86_64\bin\nio.dll
0x00007ffbb7080000 - 0x00007ffbb7090000 	c:\Users\Mateo\.vscode\extensions\redhat.java-1.45.0-win32-x64\jre\21.0.8-win32-x86_64\bin\verify.dll
0x00007ffb7c270000 - 0x00007ffb7c2b4000 	C:\Users\Mateo\AppData\Roaming\Code\User\globalStorage\redhat.java\1.45.0\config_win\org.eclipse.equinox.launcher\org.eclipse.equinox.launcher.win32.win32.x86_64_1.2.1400.v20250801-0854\eclipse_11916.dll
0x00007ffbc3510000 - 0x00007ffbc363b000 	C:\WINDOWS\System32\ole32.dll
0x00007ffbc11a0000 - 0x00007ffbc11b8000 	C:\WINDOWS\SYSTEM32\CRYPTSP.dll
0x00007ffbc08d0000 - 0x00007ffbc0908000 	C:\WINDOWS\system32\rsaenh.dll
0x00007ffbc17a0000 - 0x00007ffbc17ce000 	C:\WINDOWS\SYSTEM32\USERENV.dll
0x00007ffbc11c0000 - 0x00007ffbc11cc000 	C:\WINDOWS\SYSTEM32\CRYPTBASE.dll
0x00007ffbc0c90000 - 0x00007ffbc0ccb000 	C:\WINDOWS\SYSTEM32\IPHLPAPI.DLL
0x00007ffbc2bb0000 - 0x00007ffbc2bb8000 	C:\WINDOWS\System32\NSI.dll
0x00007ffb74d20000 - 0x00007ffb74d69000 	C:\Users\Mateo\AppData\Local\Temp\jna-74115562\jna14762625697487809945.dll
0x00007ffbc3770000 - 0x00007ffbc3778000 	C:\WINDOWS\System32\PSAPI.DLL

JVMTI agents:
c:\Users\Mateo\.vscode\extensions\redhat.java-1.45.0-win32-x64\lombok\lombok-1.18.39-4050.jar path:c:\Users\Mateo\.vscode\extensions\redhat.java-1.45.0-win32-x64\jre\21.0.8-win32-x86_64\bin\instrument.dll, loaded, initialized, instrumentlib options:none

dbghelp: loaded successfully - version: 4.0.5 - missing functions: none
symbol engine: initialized successfully - sym options: 0x614 - pdb path: .;c:\Users\Mateo\.vscode\extensions\redhat.java-1.45.0-win32-x64\jre\21.0.8-win32-x86_64\bin;C:\WINDOWS\SYSTEM32;C:\WINDOWS\WinSxS\amd64_microsoft.windows.common-controls_6595b64144ccf1df_6.0.19041.6280_none_60bc30a171f2f3f3;c:\Users\Mateo\.vscode\extensions\redhat.java-1.45.0-win32-x64\jre\21.0.8-win32-x86_64\bin\server;C:\Users\Mateo\AppData\Roaming\Code\User\globalStorage\redhat.java\1.45.0\config_win\org.eclipse.equinox.launcher\org.eclipse.equinox.launcher.win32.win32.x86_64_1.2.1400.v20250801-0854;C:\Users\Mateo\AppData\Local\Temp\jna-74115562

VM Arguments:
jvm_args: --add-modules=ALL-SYSTEM --add-opens=java.base/java.util=ALL-UNNAMED --add-opens=java.base/java.lang=ALL-UNNAMED --add-opens=java.base/sun.nio.fs=ALL-UNNAMED -Declipse.application=org.eclipse.jdt.ls.core.id1 -Dosgi.bundles.defaultStartLevel=4 -Declipse.product=org.eclipse.jdt.ls.core.product -Djava.import.generatesMetadataFilesAtProjectRoot=false -DDetectVMInstallationsJob.disabled=true -Dfile.encoding=utf8 -XX:+UseParallelGC -XX:GCTimeRatio=4 -XX:AdaptiveSizePolicyWeight=90 -Dsun.zip.disableMemoryMapping=true -Xmx2G -Xms100m -Xlog:disable -javaagent:c:\Users\Mateo\.vscode\extensions\redhat.java-1.45.0-win32-x64\lombok\lombok-1.18.39-4050.jar -XX:+HeapDumpOnOutOfMemoryError -XX:HeapDumpPath=c:\Users\Mateo\AppData\Roaming\Code\User\workspaceStorage\8ebf7cf19b00dd7299100e7d3fb3e125\redhat.java -Daether.dependencyCollector.impl=bf 
java_command: c:\Users\Mateo\.vscode\extensions\redhat.java-1.45.0-win32-x64\server\plugins\org.eclipse.equinox.launcher_1.7.0.v20250519-0528.jar -configuration c:\Users\Mateo\AppData\Roaming\Code\User\globalStorage\redhat.java\1.45.0\config_win -data c:\Users\Mateo\AppData\Roaming\Code\User\workspaceStorage\8ebf7cf19b00dd7299100e7d3fb3e125\redhat.java\jdt_ws --pipe=\\.\pipe\lsp-86bbe5d35868bbb76cd7d9b19ca28129-sock
java_class_path (initial): c:\Users\Mateo\.vscode\extensions\redhat.java-1.45.0-win32-x64\server\plugins\org.eclipse.equinox.launcher_1.7.0.v20250519-0528.jar
Launcher Type: SUN_STANDARD

[Global flags]
    uintx AdaptiveSizePolicyWeight                 = 90                                        {product} {command line}
     intx CICompilerCount                          = 3                                         {product} {ergonomic}
    uintx GCTimeRatio                              = 4                                         {product} {command line}
     bool HeapDumpOnOutOfMemoryError               = true                                   {manageable} {command line}
    ccstr HeapDumpPath                             = c:\Users\Mateo\AppData\Roaming\Code\User\workspaceStorage\8ebf7cf19b00dd7299100e7d3fb3e125\redhat.java         {manageable} {command line}
   size_t InitialHeapSize                          = 104857600                                 {product} {command line}
   size_t MaxHeapSize                              = 2147483648                                {product} {command line}
   size_t MaxNewSize                               = 715653120                                 {product} {ergonomic}
   size_t MinHeapDeltaBytes                        = 524288                                    {product} {ergonomic}
   size_t MinHeapSize                              = 104857600                                 {product} {command line}
   size_t NewSize                                  = 34603008                                  {product} {ergonomic}
    uintx NonNMethodCodeHeapSize                   = 5832780                                {pd product} {ergonomic}
    uintx NonProfiledCodeHeapSize                  = 122912730                              {pd product} {ergonomic}
   size_t OldSize                                  = 70254592                                  {product} {ergonomic}
    uintx ProfiledCodeHeapSize                     = 122912730                              {pd product} {ergonomic}
    uintx ReservedCodeCacheSize                    = 251658240                              {pd product} {ergonomic}
     bool SegmentedCodeCache                       = true                                      {product} {ergonomic}
   size_t SoftMaxHeapSize                          = 2147483648                             {manageable} {ergonomic}
     bool UseCompressedOops                        = true                           {product lp64_product} {ergonomic}
     bool UseLargePagesIndividualAllocation        = false                                  {pd product} {ergonomic}
     bool UseParallelGC                            = true                                      {product} {command line}

Logging:
Log output configuration:
 #0: stdout all=off uptime,level,tags foldmultilines=false
 #1: stderr all=off uptime,level,tags foldmultilines=false

Environment Variables:
JAVA_HOME=C:\Program Files\Java\jdk-22
PATH=C:\WINDOWS\system32;C:\WINDOWS;C:\WINDOWS\System32\Wbem;C:\WINDOWS\System32\WindowsPowerShell\v1.0\;C:\WINDOWS\System32\OpenSSH\;C:\Program Files (x86)\Common Files\Acronis\SnapAPI\;C:\Program Files\Git\cmd;C:\Program Files (x86)\Microsoft SQL Server\160\Tools\Binn\;C:\Program Files\Microsoft SQL Server\160\Tools\Binn\;C:\Program Files\Microsoft SQL Server\Client SDK\ODBC\170\Tools\Binn\;C:\Program Files\Microsoft SQL Server\160\DTS\Binn\;C:\Users\Mateo\AppData\Local\Programs\Python\Python313\Scripts\;C:\Users\Mateo\AppData\Local\Programs\Python\Python313\;C:\Users\Mateo\AppData\Local\Programs\Python\Launcher\;C:\Users\Mateo\AppData\Local\Microsoft\WindowsApps;C:\Users\Mateo\AppData\Local\Programs\Microsoft VS Code\bin;C:\Program Files\JetBrains\IntelliJ IDEA 2024.1\bin;;C:\Program Files\nodejs;C:\AppServ\Apache24\bin;C:\AppServ\MySQL\bin;C:\AppServ\php5;C:\Program Files\Java\jdk-22\bin;
USERNAME=Mateo
OS=Windows_NT
PROCESSOR_IDENTIFIER=Intel64 Family 6 Model 126 Stepping 5, GenuineIntel
TMP=C:\Users\Mateo\AppData\Local\Temp
TEMP=C:\Users\Mateo\AppData\Local\Temp




Periodic native trim disabled

---------------  S Y S T E M  ---------------

OS:
 Windows 10 , 64 bit Build 19041 (10.0.19041.5915)
OS uptime: 0 days 6:17 hours

CPU: total 4 (initial active 4) (2 cores per cpu, 2 threads per core) family 6 model 126 stepping 5 microcode 0xb2, cx8, cmov, fxsr, ht, mmx, 3dnowpref, sse, sse2, sse3, ssse3, sse4.1, sse4.2, popcnt, lzcnt, tsc, tscinvbit, avx, avx2, aes, erms, clmul, bmi1, bmi2, adx, avx512f, avx512dq, avx512cd, avx512bw, avx512vl, sha, fma, vzeroupper, avx512_vpopcntdq, avx512_vpclmulqdq, avx512_vaes, avx512_vnni, clflush, clflushopt, avx512_vbmi2, avx512_vbmi, rdtscp, rdpid, fsrm, gfni, avx512_bitalg, f16c, pku, avx512_ifma
Processor Information for the first 4 processors :
  Max Mhz: 1190, Current Mhz: 1190, Mhz Limit: 1190

Memory: 4k page, system-wide physical 7881M (336M free)
TotalPageFile size 15881M (AvailPageFile size 12M)
current process WorkingSet (physical memory assigned to process): 176M, peak: 179M
current process commit charge ("private bytes"): 295M, peak: 297M

vm_info: OpenJDK 64-Bit Server VM (21.0.8+9-LTS) for windows-amd64 JRE (21.0.8+9-LTS), built on 2025-07-15T00:00:00Z by "admin" with MS VC++ 17.7 (VS2022)

END.
